{
  "version": "1.5.0",
  "plugins_used": [
    {
      "name": "ArtifactoryDetector"
    },
    {
      "name": "AWSKeyDetector"
    },
    {
      "name": "AzureStorageKeyDetector"
    },
    {
      "name": "Base64HighEntropyString",
      "limit": 4.5
    },
    {
      "name": "BasicAuthDetector"
    },
    {
      "name": "CloudantDetector"
    },
    {
      "name": "DiscordBotTokenDetector"
    },
    {
      "name": "GitHubTokenDetector"
    },
    {
      "name": "GitLabTokenDetector"
    },
    {
      "name": "HexHighEntropyString",
      "limit": 3.0
    },
    {
      "name": "IbmCloudIamDetector"
    },
    {
      "name": "IbmCosHmacDetector"
    },
    {
      "name": "IPPublicDetector"
    },
    {
      "name": "JwtTokenDetector"
    },
    {
      "name": "KeywordDetector",
      "keyword_exclude": ""
    },
    {
      "name": "MailchimpDetector"
    },
    {
      "name": "NpmDetector"
    },
    {
      "name": "OpenAIDetector"
    },
    {
      "name": "PrivateKeyDetector"
    },
    {
      "name": "PypiTokenDetector"
    },
    {
      "name": "SendGridDetector"
    },
    {
      "name": "SlackDetector"
    },
    {
      "name": "SoftlayerDetector"
    },
    {
      "name": "SquareOAuthDetector"
    },
    {
      "name": "StripeDetector"
    },
    {
      "name": "TelegramBotTokenDetector"
    },
    {
      "name": "TwilioKeyDetector"
    }
  ],
  "filters_used": [
    {
      "path": "detect_secrets.filters.allowlist.is_line_allowlisted"
    },
    {
      "path": "detect_secrets.filters.common.is_ignored_due_to_verification_policies",
      "min_level": 2
    },
    {
      "path": "detect_secrets.filters.heuristic.is_indirect_reference"
    },
    {
      "path": "detect_secrets.filters.heuristic.is_likely_id_string"
    },
    {
      "path": "detect_secrets.filters.heuristic.is_lock_file"
    },
    {
      "path": "detect_secrets.filters.heuristic.is_not_alphanumeric_string"
    },
    {
      "path": "detect_secrets.filters.heuristic.is_potential_uuid"
    },
    {
      "path": "detect_secrets.filters.heuristic.is_prefixed_with_dollar_sign"
    },
    {
      "path": "detect_secrets.filters.heuristic.is_sequential_string"
    },
    {
      "path": "detect_secrets.filters.heuristic.is_swagger_file"
    },
    {
      "path": "detect_secrets.filters.heuristic.is_templated_secret"
    },
    {
      "path": "detect_secrets.filters.regex.should_exclude_file",
      "pattern": [
        "pyproject\\.toml|\\.github/workflows/config/\\.secrets\\.baseline"
      ]
    }
  ],
  "results": {
    "docs/_extensions/ai_assistant/README.md": [
      {
        "type": "Secret Keyword",
        "filename": "docs/_extensions/ai_assistant/README.md",
        "hashed_secret": "aecdccc1cf64595b34e0cc152d238daabb32183a",
        "is_verified": false,
        "line_number": 76
      },
      {
        "type": "Secret Keyword",
        "filename": "docs/_extensions/ai_assistant/README.md",
        "hashed_secret": "6d9c68c603e465077bdd49c62347fe54717f83a3",
        "is_verified": false,
        "line_number": 146
      }
    ],
    "docs/_extensions/ai_assistant/core/AIClient.js": [
      {
        "type": "Base64 High Entropy String",
        "filename": "docs/_extensions/ai_assistant/core/AIClient.js",
        "hashed_secret": "54f034f9ba6c3f65758ffe3bb1264c5a836ce826",
        "is_verified": false,
        "line_number": 10
      }
    ],
    "docs/_extensions/ai_assistant/core/main.js": [
      {
        "type": "Base64 High Entropy String",
        "filename": "docs/_extensions/ai_assistant/core/main.js",
        "hashed_secret": "54f034f9ba6c3f65758ffe3bb1264c5a836ce826",
        "is_verified": false,
        "line_number": 15
      }
    ],
    "docs/about/concepts/_snippets/results.yaml": [
      {
        "type": "Secret Keyword",
        "filename": "docs/about/concepts/_snippets/results.yaml",
        "hashed_secret": "159500287c06851df741128ec4b073ea394414b6",
        "is_verified": false,
        "line_number": 84
      }
    ],
    "docs/deployment/adapters/client-mode.md": [
      {
        "type": "Secret Keyword",
        "filename": "docs/deployment/adapters/client-mode.md",
        "hashed_secret": "159500287c06851df741128ec4b073ea394414b6",
        "is_verified": false,
        "line_number": 32
      },
      {
        "type": "Secret Keyword",
        "filename": "docs/deployment/adapters/client-mode.md",
        "hashed_secret": "920025a944b7037f2c0ab7f2bb7746de0993a803",
        "is_verified": false,
        "line_number": 307
      }
    ],
    "docs/deployment/bring-your-own-endpoint/hosted-services.md": [
      {
        "type": "Secret Keyword",
        "filename": "docs/deployment/bring-your-own-endpoint/hosted-services.md",
        "hashed_secret": "35c4fd2bbc85fa874b4cc4ac5393c1c3e01c1ba5",
        "is_verified": false,
        "line_number": 29
      },
      {
        "type": "Secret Keyword",
        "filename": "docs/deployment/bring-your-own-endpoint/hosted-services.md",
        "hashed_secret": "1d3b1295c282649864a65fe3bd1631bcf7499ef5",
        "is_verified": false,
        "line_number": 94
      }
    ],
    "docs/deployment/bring-your-own-endpoint/manual-deployment.md": [
      {
        "type": "Secret Keyword",
        "filename": "docs/deployment/bring-your-own-endpoint/manual-deployment.md",
        "hashed_secret": "159500287c06851df741128ec4b073ea394414b6",
        "is_verified": false,
        "line_number": 92
      }
    ],
    "docs/deployment/bring-your-own-endpoint/testing-endpoint-oai-compatibility.md": [
      {
        "type": "Secret Keyword",
        "filename": "docs/deployment/bring-your-own-endpoint/testing-endpoint-oai-compatibility.md",
        "hashed_secret": "aecdccc1cf64595b34e0cc152d238daabb32183a",
        "is_verified": false,
        "line_number": 30
      }
    ],
    "docs/deployment/launcher-orchestrated/lepton.md": [
      {
        "type": "Secret Keyword",
        "filename": "docs/deployment/launcher-orchestrated/lepton.md",
        "hashed_secret": "fec049c14d569dfa51dfeefcd4ca96d7a83d93cf",
        "is_verified": false,
        "line_number": 192
      }
    ],
    "docs/evaluation/run-evals/code-generation.md": [
      {
        "type": "Secret Keyword",
        "filename": "docs/evaluation/run-evals/code-generation.md",
        "hashed_secret": "89a6cfe2a229151e8055abee107d45ed087bbb4f",
        "is_verified": false,
        "line_number": 85
      }
    ],
    "docs/evaluation/run-evals/function-calling.md": [
      {
        "type": "Secret Keyword",
        "filename": "docs/evaluation/run-evals/function-calling.md",
        "hashed_secret": "89a6cfe2a229151e8055abee107d45ed087bbb4f",
        "is_verified": false,
        "line_number": 83
      }
    ],
    "docs/evaluation/run-evals/text-gen.md": [
      {
        "type": "Secret Keyword",
        "filename": "docs/evaluation/run-evals/text-gen.md",
        "hashed_secret": "a14e09dd70134e478c9d3c8897f926679b567815",
        "is_verified": false,
        "line_number": 110
      }
    ],
    "docs/get-started/_snippets/core_basic.py": [
      {
        "type": "Secret Keyword",
        "filename": "docs/get-started/_snippets/core_basic.py",
        "hashed_secret": "2083c49ad8d63838a4d18f1de0c419f06eb464db",
        "is_verified": false,
        "line_number": 20
      },
      {
        "type": "Secret Keyword",
        "filename": "docs/get-started/_snippets/core_basic.py",
        "hashed_secret": "a14e09dd70134e478c9d3c8897f926679b567815",
        "is_verified": false,
        "line_number": 45
      }
    ],
    "docs/get-started/_snippets/core_full_example.py": [
      {
        "type": "Secret Keyword",
        "filename": "docs/get-started/_snippets/core_full_example.py",
        "hashed_secret": "2083c49ad8d63838a4d18f1de0c419f06eb464db",
        "is_verified": false,
        "line_number": 21
      },
      {
        "type": "Secret Keyword",
        "filename": "docs/get-started/_snippets/core_full_example.py",
        "hashed_secret": "a14e09dd70134e478c9d3c8897f926679b567815",
        "is_verified": false,
        "line_number": 51
      }
    ],
    "docs/get-started/_snippets/core_multi_benchmark.py": [
      {
        "type": "Secret Keyword",
        "filename": "docs/get-started/_snippets/core_multi_benchmark.py",
        "hashed_secret": "2083c49ad8d63838a4d18f1de0c419f06eb464db",
        "is_verified": false,
        "line_number": 21
      },
      {
        "type": "Secret Keyword",
        "filename": "docs/get-started/_snippets/core_multi_benchmark.py",
        "hashed_secret": "a14e09dd70134e478c9d3c8897f926679b567815",
        "is_verified": false,
        "line_number": 37
      }
    ],
    "docs/get-started/quickstart/core.md": [
      {
        "type": "Secret Keyword",
        "filename": "docs/get-started/quickstart/core.md",
        "hashed_secret": "2083c49ad8d63838a4d18f1de0c419f06eb464db",
        "is_verified": false,
        "line_number": 25
      }
    ],
    "docs/libraries/nemo-evaluator-launcher/configuration/deployment/nim.md": [
      {
        "type": "Secret Keyword",
        "filename": "docs/libraries/nemo-evaluator-launcher/configuration/deployment/nim.md",
        "hashed_secret": "fec049c14d569dfa51dfeefcd4ca96d7a83d93cf",
        "is_verified": false,
        "line_number": 63
      }
    ],
    "docs/libraries/nemo-evaluator-launcher/configuration/deployment/none.md": [
      {
        "type": "Secret Keyword",
        "filename": "docs/libraries/nemo-evaluator-launcher/configuration/deployment/none.md",
        "hashed_secret": "fec049c14d569dfa51dfeefcd4ca96d7a83d93cf",
        "is_verified": false,
        "line_number": 94
      },
      {
        "type": "Secret Keyword",
        "filename": "docs/libraries/nemo-evaluator-launcher/configuration/deployment/none.md",
        "hashed_secret": "a72e89544d89fd79b69fd920776b978cacbab4b6",
        "is_verified": false,
        "line_number": 97
      }
    ],
    "docs/libraries/nemo-evaluator/api.md": [
      {
        "type": "Secret Keyword",
        "filename": "docs/libraries/nemo-evaluator/api.md",
        "hashed_secret": "e5ad10f370283c6276789de684bca60e30306ad5",
        "is_verified": false,
        "line_number": 113
      }
    ],
    "docs/libraries/nemo-evaluator/workflows/python-api.md": [
      {
        "type": "Secret Keyword",
        "filename": "docs/libraries/nemo-evaluator/workflows/python-api.md",
        "hashed_secret": "f39af49ba55a702f84a849ce72d48d1f8664994a",
        "is_verified": false,
        "line_number": 51
      }
    ],
    "docs/references/api/nemo-evaluator-launcher/api.md": [
      {
        "type": "Secret Keyword",
        "filename": "docs/references/api/nemo-evaluator-launcher/api.md",
        "hashed_secret": "a14e09dd70134e478c9d3c8897f926679b567815",
        "is_verified": false,
        "line_number": 101
      }
    ],
    "docs/references/api/nemo-evaluator-launcher/cli.md": [
      {
        "type": "Secret Keyword",
        "filename": "docs/references/api/nemo-evaluator-launcher/cli.md",
        "hashed_secret": "2083c49ad8d63838a4d18f1de0c419f06eb464db",
        "is_verified": false,
        "line_number": 429
      }
    ],
    "docs/references/api/nemo-evaluator/api/index.rst": [
      {
        "type": "Secret Keyword",
        "filename": "docs/references/api/nemo-evaluator/api/index.rst",
        "hashed_secret": "e5ad10f370283c6276789de684bca60e30306ad5",
        "is_verified": false,
        "line_number": 30
      }
    ],
    "packages/nemo-evaluator-launcher/examples/lepton_basic.yaml": [
      {
        "type": "Secret Keyword",
        "filename": "packages/nemo-evaluator-launcher/examples/lepton_basic.yaml",
        "hashed_secret": "fec049c14d569dfa51dfeefcd4ca96d7a83d93cf",
        "is_verified": false,
        "line_number": 64
      },
      {
        "type": "Secret Keyword",
        "filename": "packages/nemo-evaluator-launcher/examples/lepton_basic.yaml",
        "hashed_secret": "a72e89544d89fd79b69fd920776b978cacbab4b6",
        "is_verified": false,
        "line_number": 68
      },
      {
        "type": "Secret Keyword",
        "filename": "packages/nemo-evaluator-launcher/examples/lepton_basic.yaml",
        "hashed_secret": "159500287c06851df741128ec4b073ea394414b6",
        "is_verified": false,
        "line_number": 90
      }
    ],
    "packages/nemo-evaluator-launcher/examples/lepton_nim.yaml": [
      {
        "type": "Secret Keyword",
        "filename": "packages/nemo-evaluator-launcher/examples/lepton_nim.yaml",
        "hashed_secret": "fec049c14d569dfa51dfeefcd4ca96d7a83d93cf",
        "is_verified": false,
        "line_number": 72
      },
      {
        "type": "Secret Keyword",
        "filename": "packages/nemo-evaluator-launcher/examples/lepton_nim.yaml",
        "hashed_secret": "a72e89544d89fd79b69fd920776b978cacbab4b6",
        "is_verified": false,
        "line_number": 76
      }
    ],
    "packages/nemo-evaluator-launcher/examples/lepton_vllm.yaml": [
      {
        "type": "Secret Keyword",
        "filename": "packages/nemo-evaluator-launcher/examples/lepton_vllm.yaml",
        "hashed_secret": "fec049c14d569dfa51dfeefcd4ca96d7a83d93cf",
        "is_verified": false,
        "line_number": 74
      },
      {
        "type": "Secret Keyword",
        "filename": "packages/nemo-evaluator-launcher/examples/lepton_vllm.yaml",
        "hashed_secret": "a72e89544d89fd79b69fd920776b978cacbab4b6",
        "is_verified": false,
        "line_number": 78
      }
    ],
    "packages/nemo-evaluator-launcher/examples/local_advanced_adapters.yaml": [
      {
        "type": "Secret Keyword",
        "filename": "packages/nemo-evaluator-launcher/examples/local_advanced_adapters.yaml",
        "hashed_secret": "a14e09dd70134e478c9d3c8897f926679b567815",
        "is_verified": false,
        "line_number": 44
      }
    ],
    "packages/nemo-evaluator-launcher/examples/local_auto_export.yaml": [
      {
        "type": "Secret Keyword",
        "filename": "packages/nemo-evaluator-launcher/examples/local_auto_export.yaml",
        "hashed_secret": "a14e09dd70134e478c9d3c8897f926679b567815",
        "is_verified": false,
        "line_number": 51
      }
    ],
    "packages/nemo-evaluator-launcher/examples/local_basic.yaml": [
      {
        "type": "Secret Keyword",
        "filename": "packages/nemo-evaluator-launcher/examples/local_basic.yaml",
        "hashed_secret": "a14e09dd70134e478c9d3c8897f926679b567815",
        "is_verified": false,
        "line_number": 42
      }
    ],
    "packages/nemo-evaluator-launcher/examples/local_extra_params.yaml": [
      {
        "type": "Secret Keyword",
        "filename": "packages/nemo-evaluator-launcher/examples/local_extra_params.yaml",
        "hashed_secret": "a14e09dd70134e478c9d3c8897f926679b567815",
        "is_verified": false,
        "line_number": 41
      },
      {
        "type": "Secret Keyword",
        "filename": "packages/nemo-evaluator-launcher/examples/local_extra_params.yaml",
        "hashed_secret": "6b23c8225debced186634cfd4cf88582185d1e9e",
        "is_verified": false,
        "line_number": 59
      }
    ],
    "packages/nemo-evaluator-launcher/examples/local_reasoning.yaml": [
      {
        "type": "Secret Keyword",
        "filename": "packages/nemo-evaluator-launcher/examples/local_reasoning.yaml",
        "hashed_secret": "a14e09dd70134e478c9d3c8897f926679b567815",
        "is_verified": false,
        "line_number": 42
      }
    ],
    "packages/nemo-evaluator-launcher/examples/local_safety.yaml": [
      {
        "type": "Secret Keyword",
        "filename": "packages/nemo-evaluator-launcher/examples/local_safety.yaml",
        "hashed_secret": "a14e09dd70134e478c9d3c8897f926679b567815",
        "is_verified": false,
        "line_number": 43
      }
    ],
    "packages/nemo-evaluator-launcher/examples/local_tools.yaml": [
      {
        "type": "Secret Keyword",
        "filename": "packages/nemo-evaluator-launcher/examples/local_tools.yaml",
        "hashed_secret": "a14e09dd70134e478c9d3c8897f926679b567815",
        "is_verified": false,
        "line_number": 43
      }
    ],
    "packages/nemo-evaluator-launcher/examples/nemotron/local_nvidia_nemotron_3_nano_30b_a3_tools.yaml": [
      {
        "type": "Secret Keyword",
        "filename": "packages/nemo-evaluator-launcher/examples/nemotron/local_nvidia_nemotron_3_nano_30b_a3_tools.yaml",
        "hashed_secret": "a14e09dd70134e478c9d3c8897f926679b567815",
        "is_verified": false,
        "line_number": 37
      }
    ],
    "packages/nemo-evaluator-launcher/examples/nemotron/local_nvidia_nemotron_3_nano_30b_a3b.yaml": [
      {
        "type": "Secret Keyword",
        "filename": "packages/nemo-evaluator-launcher/examples/nemotron/local_nvidia_nemotron_3_nano_30b_a3b.yaml",
        "hashed_secret": "a14e09dd70134e478c9d3c8897f926679b567815",
        "is_verified": false,
        "line_number": 30
      },
      {
        "type": "Base64 High Entropy String",
        "filename": "packages/nemo-evaluator-launcher/examples/nemotron/local_nvidia_nemotron_3_nano_30b_a3b.yaml",
        "hashed_secret": "a85b13313b8625a71cbee03550444030399f38a7",
        "is_verified": false,
        "line_number": 102
      },
      {
        "type": "Secret Keyword",
        "filename": "packages/nemo-evaluator-launcher/examples/nemotron/local_nvidia_nemotron_3_nano_30b_a3b.yaml",
        "hashed_secret": "6b23c8225debced186634cfd4cf88582185d1e9e",
        "is_verified": false,
        "line_number": 127
      }
    ],
    "packages/nemo-evaluator-launcher/examples/nemotron/nano-v3-reproducibility.md": [
      {
        "type": "Secret Keyword",
        "filename": "packages/nemo-evaluator-launcher/examples/nemotron/nano-v3-reproducibility.md",
        "hashed_secret": "8667d52c2dfd2f51ecbdbfc0e756bda2a9414d9f",
        "is_verified": false,
        "line_number": 54
      },
      {
        "type": "Secret Keyword",
        "filename": "packages/nemo-evaluator-launcher/examples/nemotron/nano-v3-reproducibility.md",
        "hashed_secret": "bd2943008822d6c0052b422dbf6a11b625afd6fb",
        "is_verified": false,
        "line_number": 60
      }
    ],
    "packages/nemo-evaluator-launcher/examples/nemotron/slurm_nvidia_nemotron_3_nano_30b_a3b_nvfp4.yaml": [
      {
        "type": "Secret Keyword",
        "filename": "packages/nemo-evaluator-launcher/examples/nemotron/slurm_nvidia_nemotron_3_nano_30b_a3b_nvfp4.yaml",
        "hashed_secret": "159500287c06851df741128ec4b073ea394414b6",
        "is_verified": false,
        "line_number": 42
      },
      {
        "type": "Base64 High Entropy String",
        "filename": "packages/nemo-evaluator-launcher/examples/nemotron/slurm_nvidia_nemotron_3_nano_30b_a3b_nvfp4.yaml",
        "hashed_secret": "a85b13313b8625a71cbee03550444030399f38a7",
        "is_verified": false,
        "line_number": 90
      },
      {
        "type": "Secret Keyword",
        "filename": "packages/nemo-evaluator-launcher/examples/nemotron/slurm_nvidia_nemotron_3_nano_30b_a3b_nvfp4.yaml",
        "hashed_secret": "6b23c8225debced186634cfd4cf88582185d1e9e",
        "is_verified": false,
        "line_number": 115
      }
    ],
    "packages/nemo-evaluator-launcher/examples/slurm_nemotron_benchmarks.yaml": [
      {
        "type": "Secret Keyword",
        "filename": "packages/nemo-evaluator-launcher/examples/slurm_nemotron_benchmarks.yaml",
        "hashed_secret": "a14e09dd70134e478c9d3c8897f926679b567815",
        "is_verified": false,
        "line_number": 51
      }
    ],
    "packages/nemo-evaluator-launcher/src/nemo_evaluator_launcher/common/container_metadata/registries.py": [
      {
        "type": "Secret Keyword",
        "filename": "packages/nemo-evaluator-launcher/src/nemo_evaluator_launcher/common/container_metadata/registries.py",
        "hashed_secret": "e17f132343749e90703ec61dc56feea691ca88a2",
        "is_verified": false,
        "line_number": 895
      }
    ],
    "packages/nemo-evaluator-launcher/src/nemo_evaluator_launcher/executors/lepton/deployment_helpers.py": [
      {
        "type": "Secret Keyword",
        "filename": "packages/nemo-evaluator-launcher/src/nemo_evaluator_launcher/executors/lepton/deployment_helpers.py",
        "hashed_secret": "f05861f3e072021bda08543eb4cb53af4932e841",
        "is_verified": false,
        "line_number": 149
      }
    ],
    "packages/nemo-evaluator-launcher/src/nemo_evaluator_launcher/executors/lepton/job_helpers.py": [
      {
        "type": "Secret Keyword",
        "filename": "packages/nemo-evaluator-launcher/src/nemo_evaluator_launcher/executors/lepton/job_helpers.py",
        "hashed_secret": "f05861f3e072021bda08543eb4cb53af4932e841",
        "is_verified": false,
        "line_number": 108
      }
    ],
    "packages/nemo-evaluator-launcher/src/nemo_evaluator_launcher/resources/all_tasks_irs.yaml": [
      {
        "type": "Secret Keyword",
        "filename": "packages/nemo-evaluator-launcher/src/nemo_evaluator_launcher/resources/all_tasks_irs.yaml",
        "hashed_secret": "6b23c8225debced186634cfd4cf88582185d1e9e",
        "is_verified": false,
        "line_number": 6750
      },
      {
        "type": "Secret Keyword",
        "filename": "packages/nemo-evaluator-launcher/src/nemo_evaluator_launcher/resources/all_tasks_irs.yaml",
        "hashed_secret": "159500287c06851df741128ec4b073ea394414b6",
        "is_verified": false,
        "line_number": 15652
      },
      {
        "type": "Secret Keyword",
        "filename": "packages/nemo-evaluator-launcher/src/nemo_evaluator_launcher/resources/all_tasks_irs.yaml",
        "hashed_secret": "dcf5bf9cfa56176398423e52479a993ed2a6a4ec",
        "is_verified": false,
        "line_number": 17630
      },
      {
        "type": "Secret Keyword",
        "filename": "packages/nemo-evaluator-launcher/src/nemo_evaluator_launcher/resources/all_tasks_irs.yaml",
        "hashed_secret": "1e09e5134530fc4712a199baeb83778fb8079ccd",
        "is_verified": false,
        "line_number": 17631
      },
      {
        "type": "Secret Keyword",
        "filename": "packages/nemo-evaluator-launcher/src/nemo_evaluator_launcher/resources/all_tasks_irs.yaml",
        "hashed_secret": "285fc580ea2b5abb15ad5ed4a63840d4d891ca33",
        "is_verified": false,
        "line_number": 17632
      },
      {
        "type": "Secret Keyword",
        "filename": "packages/nemo-evaluator-launcher/src/nemo_evaluator_launcher/resources/all_tasks_irs.yaml",
        "hashed_secret": "0985e692b3891ece6f6121a179c8dfb502ff362d",
        "is_verified": false,
        "line_number": 18837
      }
    ],
    "packages/nemo-evaluator-launcher/src/nemo_evaluator_launcher/resources/config_templates/evaluation/chat/safety.yaml": [
      {
        "type": "Secret Keyword",
        "filename": "packages/nemo-evaluator-launcher/src/nemo_evaluator_launcher/resources/config_templates/evaluation/chat/safety.yaml",
        "hashed_secret": "6b23c8225debced186634cfd4cf88582185d1e9e",
        "is_verified": false,
        "line_number": 21
      }
    ],
    "packages/nemo-evaluator-launcher/src/nemo_evaluator_launcher/resources/config_templates/evaluation/reasoning/safety.yaml": [
      {
        "type": "Secret Keyword",
        "filename": "packages/nemo-evaluator-launcher/src/nemo_evaluator_launcher/resources/config_templates/evaluation/reasoning/safety.yaml",
        "hashed_secret": "6b23c8225debced186634cfd4cf88582185d1e9e",
        "is_verified": false,
        "line_number": 31
      }
    ],
    "packages/nemo-evaluator-launcher/tests/unit_tests/conftest.py": [
      {
        "type": "Secret Keyword",
        "filename": "packages/nemo-evaluator-launcher/tests/unit_tests/conftest.py",
        "hashed_secret": "00942f4668670f34c5943cf52c7ef3139fe2b8d6",
        "is_verified": false,
        "line_number": 192
      },
      {
        "type": "Hex High Entropy String",
        "filename": "packages/nemo-evaluator-launcher/tests/unit_tests/conftest.py",
        "hashed_secret": "6740d1ecb48c5c9ca3b2a3cb1ca2f4b4d4487473",
        "is_verified": false,
        "line_number": 509
      },
      {
        "type": "Hex High Entropy String",
        "filename": "packages/nemo-evaluator-launcher/tests/unit_tests/conftest.py",
        "hashed_secret": "59ea3d29c84b5c2b23f5d6eccf3f3e0d1cb07ccd",
        "is_verified": false,
        "line_number": 530
      }
    ],
    "packages/nemo-evaluator-launcher/tests/unit_tests/test_api_module.py": [
      {
        "type": "Secret Keyword",
        "filename": "packages/nemo-evaluator-launcher/tests/unit_tests/test_api_module.py",
        "hashed_secret": "e5e9fa1ba31ecd1ae84f75caaa474f3a663f05f4",
        "is_verified": false,
        "line_number": 94
      }
    ],
    "packages/nemo-evaluator-launcher/tests/unit_tests/test_build_config.py": [
      {
        "type": "Secret Keyword",
        "filename": "packages/nemo-evaluator-launcher/tests/unit_tests/test_build_config.py",
        "hashed_secret": "a4983c9709a90e0d46ae7cb6ecb8bf31749cdfff",
        "is_verified": false,
        "line_number": 41
      },
      {
        "type": "Secret Keyword",
        "filename": "packages/nemo-evaluator-launcher/tests/unit_tests/test_build_config.py",
        "hashed_secret": "4886f5c9cce42b988cf8f819f4966a7f003fec6b",
        "is_verified": false,
        "line_number": 42
      },
      {
        "type": "Secret Keyword",
        "filename": "packages/nemo-evaluator-launcher/tests/unit_tests/test_build_config.py",
        "hashed_secret": "c3ca214d8cdb15128e6955c55e8e0e96a882006d",
        "is_verified": false,
        "line_number": 43
      },
      {
        "type": "Secret Keyword",
        "filename": "packages/nemo-evaluator-launcher/tests/unit_tests/test_build_config.py",
        "hashed_secret": "eda89e9d5acb82664c317b8151a862503b2c434f",
        "is_verified": false,
        "line_number": 44
      },
      {
        "type": "Secret Keyword",
        "filename": "packages/nemo-evaluator-launcher/tests/unit_tests/test_build_config.py",
        "hashed_secret": "c7139c95c9298c5ca457688f5c1d2e11ffbecc91",
        "is_verified": false,
        "line_number": 45
      }
    ],
    "packages/nemo-evaluator-launcher/tests/unit_tests/test_cli_integration.py": [
      {
        "type": "Secret Keyword",
        "filename": "packages/nemo-evaluator-launcher/tests/unit_tests/test_cli_integration.py",
        "hashed_secret": "00942f4668670f34c5943cf52c7ef3139fe2b8d6",
        "is_verified": false,
        "line_number": 46
      },
      {
        "type": "Secret Keyword",
        "filename": "packages/nemo-evaluator-launcher/tests/unit_tests/test_cli_integration.py",
        "hashed_secret": "1073ab6cda4b991cd29f9e83a307f34004ae9327",
        "is_verified": false,
        "line_number": 186
      },
      {
        "type": "Secret Keyword",
        "filename": "packages/nemo-evaluator-launcher/tests/unit_tests/test_cli_integration.py",
        "hashed_secret": "87ba78e0f03afcef60657f342ec5567368fadd8c",
        "is_verified": false,
        "line_number": 203
      },
      {
        "type": "Secret Keyword",
        "filename": "packages/nemo-evaluator-launcher/tests/unit_tests/test_cli_integration.py",
        "hashed_secret": "a62f2225bf70bfaccbc7f1ef2a397836717377de",
        "is_verified": false,
        "line_number": 257
      },
      {
        "type": "Secret Keyword",
        "filename": "packages/nemo-evaluator-launcher/tests/unit_tests/test_cli_integration.py",
        "hashed_secret": "02ecb94373bfb3dfe827ca18409f50b016e8302a",
        "is_verified": false,
        "line_number": 446
      }
    ],
    "packages/nemo-evaluator-launcher/tests/unit_tests/test_env_vars.py": [
      {
        "type": "Secret Keyword",
        "filename": "packages/nemo-evaluator-launcher/tests/unit_tests/test_env_vars.py",
        "hashed_secret": "cd6bd383d4886c1345a9a3ed337407c16cddcce2",
        "is_verified": false,
        "line_number": 454
      }
    ],
    "packages/nemo-evaluator-launcher/tests/unit_tests/test_get_eval_factory_command.py": [
      {
        "type": "Secret Keyword",
        "filename": "packages/nemo-evaluator-launcher/tests/unit_tests/test_get_eval_factory_command.py",
        "hashed_secret": "e5ad10f370283c6276789de684bca60e30306ad5",
        "is_verified": false,
        "line_number": 49
      }
    ],
    "packages/nemo-evaluator-launcher/tests/unit_tests/test_lepton_deployment_helpers.py": [
      {
        "type": "Secret Keyword",
        "filename": "packages/nemo-evaluator-launcher/tests/unit_tests/test_lepton_deployment_helpers.py",
        "hashed_secret": "5c5a15a8b0b3e154d77746945e563ba40100681b",
        "is_verified": false,
        "line_number": 405
      },
      {
        "type": "Secret Keyword",
        "filename": "packages/nemo-evaluator-launcher/tests/unit_tests/test_lepton_deployment_helpers.py",
        "hashed_secret": "c669967bfd4f37693d20b4a307ec5d43de91c561",
        "is_verified": false,
        "line_number": 411
      },
      {
        "type": "Secret Keyword",
        "filename": "packages/nemo-evaluator-launcher/tests/unit_tests/test_lepton_deployment_helpers.py",
        "hashed_secret": "f74f2b3fda03dbfbea4fd19cb43e3cacdc0a5c71",
        "is_verified": false,
        "line_number": 590
      }
    ],
    "packages/nemo-evaluator-launcher/tests/unit_tests/test_lepton_executor.py": [
      {
        "type": "Secret Keyword",
        "filename": "packages/nemo-evaluator-launcher/tests/unit_tests/test_lepton_executor.py",
        "hashed_secret": "df161cce92abf4821519aa9f46fc2b123432d14a",
        "is_verified": false,
        "line_number": 186
      },
      {
        "type": "Secret Keyword",
        "filename": "packages/nemo-evaluator-launcher/tests/unit_tests/test_lepton_executor.py",
        "hashed_secret": "7cf31e8b6cda49f70c31f1f25af05d46f924142d",
        "is_verified": false,
        "line_number": 834
      }
    ],
    "packages/nemo-evaluator-launcher/tests/unit_tests/test_lepton_job_helpers.py": [
      {
        "type": "Secret Keyword",
        "filename": "packages/nemo-evaluator-launcher/tests/unit_tests/test_lepton_job_helpers.py",
        "hashed_secret": "5c5a15a8b0b3e154d77746945e563ba40100681b",
        "is_verified": false,
        "line_number": 95
      },
      {
        "type": "Secret Keyword",
        "filename": "packages/nemo-evaluator-launcher/tests/unit_tests/test_lepton_job_helpers.py",
        "hashed_secret": "83a5b8a7b2e181736b4cad2391e48691b4434fdb",
        "is_verified": false,
        "line_number": 127
      }
    ],
    "packages/nemo-evaluator-launcher/tests/unit_tests/test_local_executor.py": [
      {
        "type": "Secret Keyword",
        "filename": "packages/nemo-evaluator-launcher/tests/unit_tests/test_local_executor.py",
        "hashed_secret": "6af5a378fdb0e7d397c9f47c744e5e14195c0228",
        "is_verified": false,
        "line_number": 48
      },
      {
        "type": "Secret Keyword",
        "filename": "packages/nemo-evaluator-launcher/tests/unit_tests/test_local_executor.py",
        "hashed_secret": "3a1baa793ba9d2e55a3465f9fd410de2af51e277",
        "is_verified": false,
        "line_number": 100
      }
    ],
    "packages/nemo-evaluator-launcher/tests/unit_tests/test_logging_utils.py": [
      {
        "type": "Hex High Entropy String",
        "filename": "packages/nemo-evaluator-launcher/tests/unit_tests/test_logging_utils.py",
        "hashed_secret": "6740d1ecb48c5c9ca3b2a3cb1ca2f4b4d4487473",
        "is_verified": false,
        "line_number": 179
      },
      {
        "type": "Secret Keyword",
        "filename": "packages/nemo-evaluator-launcher/tests/unit_tests/test_logging_utils.py",
        "hashed_secret": "6740d1ecb48c5c9ca3b2a3cb1ca2f4b4d4487473",
        "is_verified": false,
        "line_number": 179
      },
      {
        "type": "Secret Keyword",
        "filename": "packages/nemo-evaluator-launcher/tests/unit_tests/test_logging_utils.py",
        "hashed_secret": "a761ce3a45d97e41840a788495e85a70d1bb3815",
        "is_verified": false,
        "line_number": 180
      }
    ],
    "packages/nemo-evaluator-launcher/tests/unit_tests/test_registries.py": [
      {
        "type": "Secret Keyword",
        "filename": "packages/nemo-evaluator-launcher/tests/unit_tests/test_registries.py",
        "hashed_secret": "206c80413b9a96c1312cc346b7d2517b84463edd",
        "is_verified": false,
        "line_number": 62
      },
      {
        "type": "Secret Keyword",
        "filename": "packages/nemo-evaluator-launcher/tests/unit_tests/test_registries.py",
        "hashed_secret": "ee977806d7286510da8b9a7492ba58e2484c0ecc",
        "is_verified": false,
        "line_number": 198
      },
      {
        "type": "Secret Keyword",
        "filename": "packages/nemo-evaluator-launcher/tests/unit_tests/test_registries.py",
        "hashed_secret": "9d4e1e23bd5b727046a9e3b4b7db57bd8d6ee684",
        "is_verified": false,
        "line_number": 207
      }
    ],
    "packages/nemo-evaluator-launcher/tests/unit_tests/test_slurm_executor.py": [
      {
        "type": "Secret Keyword",
        "filename": "packages/nemo-evaluator-launcher/tests/unit_tests/test_slurm_executor.py",
        "hashed_secret": "6af5a378fdb0e7d397c9f47c744e5e14195c0228",
        "is_verified": false,
        "line_number": 1040
      },
      {
        "type": "Secret Keyword",
        "filename": "packages/nemo-evaluator-launcher/tests/unit_tests/test_slurm_executor.py",
        "hashed_secret": "3a1baa793ba9d2e55a3465f9fd410de2af51e277",
        "is_verified": false,
        "line_number": 1089
      }
    ],
    "packages/nemo-evaluator/examples/notebooks/contamination_detection_demo.ipynb": [
      {
        "type": "Base64 High Entropy String",
        "filename": "packages/nemo-evaluator/examples/notebooks/contamination_detection_demo.ipynb",
        "hashed_secret": "60c84cb0ed4b2ee9015794ddc9535404c2b7d6f7",
        "is_verified": false,
        "line_number": 745
      },
      {
        "type": "Base64 High Entropy String",
        "filename": "packages/nemo-evaluator/examples/notebooks/contamination_detection_demo.ipynb",
        "hashed_secret": "8fb2066cd49291e88e2c4790d2ff8b387444655e",
        "is_verified": false,
        "line_number": 1134
      }
    ],
    "packages/nemo-evaluator/src/nemo_evaluator/client/client.py": [
      {
        "type": "Secret Keyword",
        "filename": "packages/nemo-evaluator/src/nemo_evaluator/client/client.py",
        "hashed_secret": "9e712c7fd95990477f7c83991f86583883fa7260",
        "is_verified": false,
        "line_number": 87
      }
    ],
    "packages/nemo-evaluator/tests/unit_tests/adapters/test_yaml_interceptor_config.py": [
      {
        "type": "Secret Keyword",
        "filename": "packages/nemo-evaluator/tests/unit_tests/adapters/test_yaml_interceptor_config.py",
        "hashed_secret": "74ba31d41223751c75cc0a453dd7df04889bdc72",
        "is_verified": false,
        "line_number": 69
      },
      {
        "type": "Secret Keyword",
        "filename": "packages/nemo-evaluator/tests/unit_tests/adapters/test_yaml_interceptor_config.py",
        "hashed_secret": "3acfb2c2b433c0ea7ff107e33df91b18e52f960f",
        "is_verified": false,
        "line_number": 120
      },
      {
        "type": "Secret Keyword",
        "filename": "packages/nemo-evaluator/tests/unit_tests/adapters/test_yaml_interceptor_config.py",
        "hashed_secret": "1a00c022e7aa1eee9ddc677811596a61b9bb6e57",
        "is_verified": false,
        "line_number": 214
      },
      {
        "type": "Secret Keyword",
        "filename": "packages/nemo-evaluator/tests/unit_tests/adapters/test_yaml_interceptor_config.py",
        "hashed_secret": "8cf8e9c3088f55096cfeb23689b80fe2d659add5",
        "is_verified": false,
        "line_number": 280
      }
    ]
  },
  "generated_at": "2026-02-17T12:51:51Z"
}
