{
  "version": "1.5.0",
  "plugins_used": [
    {
      "name": "ArtifactoryDetector"
    },
    {
      "name": "AWSKeyDetector"
    },
    {
      "name": "AzureStorageKeyDetector"
    },
    {
      "name": "Base64HighEntropyString",
      "limit": 4.5
    },
    {
      "name": "BasicAuthDetector"
    },
    {
      "name": "CloudantDetector"
    },
    {
      "name": "DiscordBotTokenDetector"
    },
    {
      "name": "GitHubTokenDetector"
    },
    {
      "name": "GitLabTokenDetector"
    },
    {
      "name": "HexHighEntropyString",
      "limit": 3.0
    },
    {
      "name": "IbmCloudIamDetector"
    },
    {
      "name": "IbmCosHmacDetector"
    },
    {
      "name": "IPPublicDetector"
    },
    {
      "name": "JwtTokenDetector"
    },
    {
      "name": "KeywordDetector",
      "keyword_exclude": ""
    },
    {
      "name": "MailchimpDetector"
    },
    {
      "name": "NpmDetector"
    },
    {
      "name": "OpenAIDetector"
    },
    {
      "name": "PrivateKeyDetector"
    },
    {
      "name": "PypiTokenDetector"
    },
    {
      "name": "SendGridDetector"
    },
    {
      "name": "SlackDetector"
    },
    {
      "name": "SoftlayerDetector"
    },
    {
      "name": "SquareOAuthDetector"
    },
    {
      "name": "StripeDetector"
    },
    {
      "name": "TelegramBotTokenDetector"
    },
    {
      "name": "TwilioKeyDetector"
    }
  ],
  "filters_used": [
    {
      "path": "detect_secrets.filters.allowlist.is_line_allowlisted"
    },
    {
      "path": "detect_secrets.filters.common.is_ignored_due_to_verification_policies",
      "min_level": 2
    },
    {
      "path": "detect_secrets.filters.heuristic.is_indirect_reference"
    },
    {
      "path": "detect_secrets.filters.heuristic.is_likely_id_string"
    },
    {
      "path": "detect_secrets.filters.heuristic.is_lock_file"
    },
    {
      "path": "detect_secrets.filters.heuristic.is_not_alphanumeric_string"
    },
    {
      "path": "detect_secrets.filters.heuristic.is_potential_uuid"
    },
    {
      "path": "detect_secrets.filters.heuristic.is_prefixed_with_dollar_sign"
    },
    {
      "path": "detect_secrets.filters.heuristic.is_sequential_string"
    },
    {
      "path": "detect_secrets.filters.heuristic.is_swagger_file"
    },
    {
      "path": "detect_secrets.filters.heuristic.is_templated_secret"
    },
    {
      "path": "detect_secrets.filters.regex.should_exclude_file",
      "pattern": [
        "pyproject\\.toml|\\.github/workflows/config/\\.secrets\\.baseline"
      ]
    }
  ],
  "results": {
    "docs/api/index.md": [
      {
        "type": "Secret Keyword",
        "filename": "docs/api/index.md",
        "hashed_secret": "ec3810e10fb78db55ce38b9c18d1c3eb1db739e0",
        "is_verified": false,
        "line_number": 76
      }
    ],
    "docs/get-started/quickstart.md": [
      {
        "type": "Secret Keyword",
        "filename": "docs/get-started/quickstart.md",
        "hashed_secret": "aecdccc1cf64595b34e0cc152d238daabb32183a",
        "is_verified": false,
        "line_number": 8
      }
    ],
    "docs/tutorials/walkthrough.md": [
      {
        "type": "Secret Keyword",
        "filename": "docs/tutorials/walkthrough.md",
        "hashed_secret": "aecdccc1cf64595b34e0cc152d238daabb32183a",
        "is_verified": false,
        "line_number": 9
      }
    ],
    "examples/configs/conf/services/nemotron_fp8_vllm.yaml": [
      {
        "type": "Base64 High Entropy String",
        "filename": "examples/configs/conf/services/nemotron_fp8_vllm.yaml",
        "hashed_secret": "ed6271c85374eb62d536189cbee1ca303ff7cbd6",
        "is_verified": false,
        "line_number": 3
      }
    ],
    "src/nemo_evaluator/environments/container.py": [
      {
        "type": "Secret Keyword",
        "filename": "src/nemo_evaluator/environments/container.py",
        "hashed_secret": "499224054c6bf4153347ae50fc73271227053cd7",
        "is_verified": false,
        "line_number": 61
      }
    ],
    "src/nemo_evaluator/solvers/harbor.py": [
      {
        "type": "Secret Keyword",
        "filename": "src/nemo_evaluator/solvers/harbor.py",
        "hashed_secret": "aba587d0ca054afc6656ee19c938be86b9bff6a4",
        "is_verified": false,
        "line_number": 848
      }
    ],
    "tests/fixtures/pinchbench.json": [
      {
        "type": "Base64 High Entropy String",
        "filename": "tests/fixtures/pinchbench.json",
        "hashed_secret": "4995474fb11499d329cd48fe17b53fdd996fc953",
        "is_verified": false,
        "line_number": 11
      },
      {
        "type": "Base64 High Entropy String",
        "filename": "tests/fixtures/pinchbench.json",
        "hashed_secret": "fe6425ef8200effd05210ab6a4cbbe50d5d5c407",
        "is_verified": false,
        "line_number": 35
      },
      {
        "type": "Base64 High Entropy String",
        "filename": "tests/fixtures/pinchbench.json",
        "hashed_secret": "61bbc0fa71f63799ca87e21a36528204fb5e7d45",
        "is_verified": false,
        "line_number": 64
      },
      {
        "type": "Base64 High Entropy String",
        "filename": "tests/fixtures/pinchbench.json",
        "hashed_secret": "e71e43ad15e0d823215dd9c8837afda455c68ef6",
        "is_verified": false,
        "line_number": 93
      },
      {
        "type": "Base64 High Entropy String",
        "filename": "tests/fixtures/pinchbench.json",
        "hashed_secret": "e4ad58facb0a00d69aa5be4eb68c31f8e9d7d79d",
        "is_verified": false,
        "line_number": 117
      }
    ],
    "tests/generate_fixtures.py": [
      {
        "type": "Secret Keyword",
        "filename": "tests/generate_fixtures.py",
        "hashed_secret": "ec3810e10fb78db55ce38b9c18d1c3eb1db739e0",
        "is_verified": false,
        "line_number": 19
      }
    ],
    "tests/test_adapters/test_cache_keys.py": [
      {
        "type": "Hex High Entropy String",
        "filename": "tests/test_adapters/test_cache_keys.py",
        "hashed_secret": "2627a8a99ffe7d7013a01f652465ef8c70bd6689",
        "is_verified": false,
        "line_number": 26
      },
      {
        "type": "Hex High Entropy String",
        "filename": "tests/test_adapters/test_cache_keys.py",
        "hashed_secret": "d4f68778b82c1e4853837d5b8ecdf2625256429f",
        "is_verified": false,
        "line_number": 37
      }
    ],
    "tests/test_adapters/test_interceptors_extended.py": [
      {
        "type": "Secret Keyword",
        "filename": "tests/test_adapters/test_interceptors_extended.py",
        "hashed_secret": "fb0123cbab73d8a58896fbe39b8b7b5b6df15c5e",
        "is_verified": false,
        "line_number": 58
      }
    ],
    "tests/test_config/test_config_schema.py": [
      {
        "type": "Secret Keyword",
        "filename": "tests/test_config/test_config_schema.py",
        "hashed_secret": "3acfb2c2b433c0ea7ff107e33df91b18e52f960f",
        "is_verified": false,
        "line_number": 700
      }
    ],
    "tests/test_config/test_ssm_autodiscovery.py": [
      {
        "type": "Secret Keyword",
        "filename": "tests/test_config/test_ssm_autodiscovery.py",
        "hashed_secret": "ba24b4dca3523679452cbe20dab9eaa9f50c6f16",
        "is_verified": false,
        "line_number": 37
      },
      {
        "type": "Secret Keyword",
        "filename": "tests/test_config/test_ssm_autodiscovery.py",
        "hashed_secret": "51268d9109e2b52a7c4b53775b1560c138b4d6b4",
        "is_verified": false,
        "line_number": 43
      },
      {
        "type": "Secret Keyword",
        "filename": "tests/test_config/test_ssm_autodiscovery.py",
        "hashed_secret": "92a8159fa2ade5dc0d3e3975d4ac26bcf1e4efdf",
        "is_verified": false,
        "line_number": 44
      },
      {
        "type": "Secret Keyword",
        "filename": "tests/test_config/test_ssm_autodiscovery.py",
        "hashed_secret": "7378bd4307a3e05617b530844ca33163fdcc49bb",
        "is_verified": false,
        "line_number": 304
      },
      {
        "type": "Secret Keyword",
        "filename": "tests/test_config/test_ssm_autodiscovery.py",
        "hashed_secret": "9e1c50f264cff2dcb7ce59c030babfe1a0b45c0a",
        "is_verified": false,
        "line_number": 305
      }
    ],
    "tests/test_orchestration/test_slurm_sharding.py": [
      {
        "type": "Secret Keyword",
        "filename": "tests/test_orchestration/test_slurm_sharding.py",
        "hashed_secret": "e85b3f19ba65dae3aa220232f23dd669ca75b0a3",
        "is_verified": false,
        "line_number": 545
      }
    ],
    "tests/test_sandbox/test_ecs_fargate.py": [
      {
        "type": "Secret Keyword",
        "filename": "tests/test_sandbox/test_ecs_fargate.py",
        "hashed_secret": "4b72fe9b2ca9a73f7b9c92399fc0bc66a6a1ba46",
        "is_verified": false,
        "line_number": 33
      },
      {
        "type": "Secret Keyword",
        "filename": "tests/test_sandbox/test_ecs_fargate.py",
        "hashed_secret": "32b7fff7855ef49f519751298add56327b6fda80",
        "is_verified": false,
        "line_number": 34
      }
    ],
    "tests/test_solvers/test_harbor_solver.py": [
      {
        "type": "Secret Keyword",
        "filename": "tests/test_solvers/test_harbor_solver.py",
        "hashed_secret": "9e52503a0984e613e6ed5f6f9a3cf0b93b2d826b",
        "is_verified": false,
        "line_number": 94
      },
      {
        "type": "Secret Keyword",
        "filename": "tests/test_solvers/test_harbor_solver.py",
        "hashed_secret": "d53bc841bc79960df8f8bd2b261f11abb1157138",
        "is_verified": false,
        "line_number": 103
      },
      {
        "type": "Secret Keyword",
        "filename": "tests/test_solvers/test_harbor_solver.py",
        "hashed_secret": "aba587d0ca054afc6656ee19c938be86b9bff6a4",
        "is_verified": false,
        "line_number": 110
      },
      {
        "type": "Secret Keyword",
        "filename": "tests/test_solvers/test_harbor_solver.py",
        "hashed_secret": "d17f1ab3e20d30ec8e0ec98bc91e03091f0573e1",
        "is_verified": false,
        "line_number": 144
      },
      {
        "type": "Secret Keyword",
        "filename": "tests/test_solvers/test_harbor_solver.py",
        "hashed_secret": "04d2297e558a68a20a32eaca04908e6d6b0b6300",
        "is_verified": false,
        "line_number": 151
      }
    ]
  },
  "generated_at": "2026-05-04T12:29:46Z"
}
