{
  "version": "1.5.0",
  "plugins_used": [
    {
      "name": "ArtifactoryDetector"
    },
    {
      "name": "AWSKeyDetector"
    },
    {
      "name": "AzureStorageKeyDetector"
    },
    {
      "name": "Base64HighEntropyString",
      "limit": 4.5
    },
    {
      "name": "BasicAuthDetector"
    },
    {
      "name": "CloudantDetector"
    },
    {
      "name": "DiscordBotTokenDetector"
    },
    {
      "name": "GitHubTokenDetector"
    },
    {
      "name": "GitLabTokenDetector"
    },
    {
      "name": "HexHighEntropyString",
      "limit": 3.0
    },
    {
      "name": "IbmCloudIamDetector"
    },
    {
      "name": "IbmCosHmacDetector"
    },
    {
      "name": "IPPublicDetector"
    },
    {
      "name": "JwtTokenDetector"
    },
    {
      "name": "MailchimpDetector"
    },
    {
      "name": "NpmDetector"
    },
    {
      "name": "OpenAIDetector"
    },
    {
      "name": "PrivateKeyDetector"
    },
    {
      "name": "PypiTokenDetector"
    },
    {
      "name": "SendGridDetector"
    },
    {
      "name": "SlackDetector"
    },
    {
      "name": "SoftlayerDetector"
    },
    {
      "name": "SquareOAuthDetector"
    },
    {
      "name": "StripeDetector"
    },
    {
      "name": "TelegramBotTokenDetector"
    },
    {
      "name": "TwilioKeyDetector"
    }
  ],
  "filters_used": [
    {
      "path": "detect_secrets.filters.allowlist.is_line_allowlisted"
    },
    {
      "path": "detect_secrets.filters.common.is_ignored_due_to_verification_policies",
      "min_level": 2
    },
    {
      "path": "detect_secrets.filters.heuristic.is_indirect_reference"
    },
    {
      "path": "detect_secrets.filters.heuristic.is_likely_id_string"
    },
    {
      "path": "detect_secrets.filters.heuristic.is_lock_file"
    },
    {
      "path": "detect_secrets.filters.heuristic.is_not_alphanumeric_string"
    },
    {
      "path": "detect_secrets.filters.heuristic.is_potential_uuid"
    },
    {
      "path": "detect_secrets.filters.heuristic.is_prefixed_with_dollar_sign"
    },
    {
      "path": "detect_secrets.filters.heuristic.is_sequential_string"
    },
    {
      "path": "detect_secrets.filters.heuristic.is_swagger_file"
    },
    {
      "path": "detect_secrets.filters.heuristic.is_templated_secret"
    },
    {
      "path": "detect_secrets.filters.regex.should_exclude_file",
      "pattern": [
        "pyproject\\.toml|\\.github/workflows/config/\\.secrets\\.baseline"
      ]
    }
  ],
  "results": {
    "examples/configs/conf/services/nemotron_fp8_vllm.yaml": [
      {
        "type": "Base64 High Entropy String",
        "filename": "examples/configs/conf/services/nemotron_fp8_vllm.yaml",
        "hashed_secret": "ed6271c85374eb62d536189cbee1ca303ff7cbd6",
        "is_verified": false,
        "line_number": 3
      }
    ],
    "packages/nemo-evaluator-launcher/examples/nemotron/local_nvidia_nemotron_3_nano_30b_a3b.yaml": [
      {
        "type": "Base64 High Entropy String",
        "filename": "packages/nemo-evaluator-launcher/examples/nemotron/local_nvidia_nemotron_3_nano_30b_a3b.yaml",
        "hashed_secret": "a85b13313b8625a71cbee03550444030399f38a7",
        "is_verified": false,
        "line_number": 102
      }
    ],
    "packages/nemo-evaluator-launcher/examples/nemotron/slurm_nvidia_nemotron_3_nano_30b_a3b_nvfp4.yaml": [
      {
        "type": "Base64 High Entropy String",
        "filename": "packages/nemo-evaluator-launcher/examples/nemotron/slurm_nvidia_nemotron_3_nano_30b_a3b_nvfp4.yaml",
        "hashed_secret": "a85b13313b8625a71cbee03550444030399f38a7",
        "is_verified": false,
        "line_number": 90
      }
    ],
    "tests/fixtures/pinchbench.json": [
      {
        "type": "Base64 High Entropy String",
        "filename": "tests/fixtures/pinchbench.json",
        "hashed_secret": "4995474fb11499d329cd48fe17b53fdd996fc953",
        "is_verified": false,
        "line_number": 11
      },
      {
        "type": "Base64 High Entropy String",
        "filename": "tests/fixtures/pinchbench.json",
        "hashed_secret": "fe6425ef8200effd05210ab6a4cbbe50d5d5c407",
        "is_verified": false,
        "line_number": 35
      },
      {
        "type": "Base64 High Entropy String",
        "filename": "tests/fixtures/pinchbench.json",
        "hashed_secret": "61bbc0fa71f63799ca87e21a36528204fb5e7d45",
        "is_verified": false,
        "line_number": 64
      },
      {
        "type": "Base64 High Entropy String",
        "filename": "tests/fixtures/pinchbench.json",
        "hashed_secret": "e71e43ad15e0d823215dd9c8837afda455c68ef6",
        "is_verified": false,
        "line_number": 93
      },
      {
        "type": "Base64 High Entropy String",
        "filename": "tests/fixtures/pinchbench.json",
        "hashed_secret": "e4ad58facb0a00d69aa5be4eb68c31f8e9d7d79d",
        "is_verified": false,
        "line_number": 117
      }
    ],
    "tests/test_adapters/test_cache_keys.py": [
      {
        "type": "Hex High Entropy String",
        "filename": "tests/test_adapters/test_cache_keys.py",
        "hashed_secret": "2627a8a99ffe7d7013a01f652465ef8c70bd6689",
        "is_verified": false,
        "line_number": 26
      },
      {
        "type": "Hex High Entropy String",
        "filename": "tests/test_adapters/test_cache_keys.py",
        "hashed_secret": "d4f68778b82c1e4853837d5b8ecdf2625256429f",
        "is_verified": false,
        "line_number": 37
      }
    ],
    "tests/test_engine/test_exporters.py": [
      {
        "type": "Base64 High Entropy String",
        "filename": "tests/test_engine/test_exporters.py",
        "hashed_secret": "45f253ddbc06bf5320d1cedc001488cd3c2c183a",
        "is_verified": false,
        "line_number": 121
      }
    ],
    "tests/test_orchestration/test_slurm_dcgm_metrics_block.py": [
      {
        "type": "Base64 High Entropy String",
        "filename": "tests/test_orchestration/test_slurm_dcgm_metrics_block.py",
        "hashed_secret": "871dbb25eafbd4a35d4498d40012b942af34986e",
        "is_verified": false,
        "line_number": 59
      }
    ],
    "tests/test_orchestration/test_slurm_metrics_block.py": [
      {
        "type": "Base64 High Entropy String",
        "filename": "tests/test_orchestration/test_slurm_metrics_block.py",
        "hashed_secret": "871dbb25eafbd4a35d4498d40012b942af34986e",
        "is_verified": false,
        "line_number": 49
      }
    ]
  },
  "generated_at": "2026-06-01T11:38:37Z"
}
